{
  "bomFormat": "CycloneDX",
  "specVersion": "1.3",
  "serialNumber": "urn:uuid:3e671687-395b-41f5-a30f-a58921a69b79",
  "version": 1,
  "components": [
    {
      "type": "application",
      "group": "com.google.code.findbugs",
      "name": "findbugs-project",
      "version": "3.0.0",
      "licenses": [
        {
          "license": {
            "id": "LGPL-3.0-or-later",
            "url": "https://www.gnu.org/licenses/lgpl-3.0-standalone.html"
          }
        }
      ],
      "purl": "pkg:maven/com.google.code.findbugs/findbugs-project@3.0.0"
    }
  ]
}
