<?xml version="1.0" encoding="utf-8"?>
<bom xmlns:xsi="http://www.w3.org/2001/XMLSchema-instance" xmlns:xsd="http://www.w3.org/2001/XMLSchema" serialNumber="urn:uuid:3e671687-395b-41f5-a30f-a58921a69b79" version="1" xmlns="http://cyclonedx.org/schema/bom/1.1">
  <components>
    <component type="library">
      <group>com.acme</group>
      <name>sample-library</name>
      <version>1.0.0</version>
      <pedigree>
        <ancestors>
          <component type="library">
            <group>org.example</group>
            <name>sample-library</name>
            <version>1.0.0</version>
          </component>
        </ancestors>
      </pedigree>
    </component>
  </components>
</bom>
