<?xml version="1.0" encoding="utf-8"?>
<bom xmlns:xsi="http://www.w3.org/2001/XMLSchema-instance" xmlns:xsd="http://www.w3.org/2001/XMLSchema" serialNumber="urn:uuid:3e671687-395b-41f5-a30f-a58921a69b79" version="1" xmlns="http://cyclonedx.org/schema/bom/1.1">
  <components>
    <component type="library" bom-ref="pkg:maven/com.acme/stock-java-client@1.0.12">
      <group>com.acme</group>
      <name>stock-java-client</name>
      <version>1.0.12</version>
      <hashes>
        <hash alg="SHA-1">e6b1000b94e835ffd37f4c6dcbdad43f4b48a02a</hash>
      </hashes>
      <licenses>
        <license>
          <id>Apache-2.0</id>
        </license>
      </licenses>
      <purl>pkg:maven/com.acme/stock-java-client@1.0.12</purl>
    </component>
  </components>
</bom>
