version: 1
serial_number: "urn:uuid:3e671687-395b-41f5-a30f-a58921a69b79"
metadata {
  1 {
    1: 3173690478
    2: 3
  }
}
