{
  "BomFormat": "CycloneDX",
  "SpecVersion": "v1_5",
  "SpecVersionString": "1.5",
  "SerialNumber": null,
  "Version": null,
  "Metadata": null,
  "Components": null,
  "Compositions": null,
  "Vulnerabilities": [
    {
      "BomRef": null,
      "Id": "cve1",
      "Source": null,
      "Ratings": null,
      "CWES": null,
      "Description": null,
      "Detail": null,
      "Recommendation": null,
      "Workaround": null,
      "ProofOfConcept": null,
      "Advisories": null,
      "Credits": null,
      "Tools": null,
      "Analysis": null,
      "Affects": [
        {
          "Ref": "ref1",
          "Range": null
        }
      ]
    },
    {
      "BomRef": null,
      "Id": "cve2",
      "Source": null,
      "Ratings": null,
      "CWES": null,
      "Description": null,
      "Detail": null,
      "Recommendation": null,
      "Workaround": null,
      "ProofOfConcept": null,
      "Advisories": null,
      "Credits": null,
      "Tools": null,
      "Analysis": null,
      "Affects": [
        {
          "Ref": "ref2",
          "Range": null
        }
      ]
    }
  ]
}
