{
  "BomFormat": "CycloneDX",
  "SpecVersion": "v1_3",
  "SpecVersionString": "1.3",
  "SerialNumber": null,
  "Version": null,
  "Metadata": null,
  "Components": [
    {
      "Type": "Null",
      "MimeType": null,
      "BomRef": null,
      "Supplier": null,
      "Author": null,
      "Publisher": null,
      "Group": null,
      "Name": "Component1",
      "Version": "1",
      "Description": null,
      "Scope": null,
      "Hashes": null,
      "Licenses": null,
      "Copyright": null,
      "Cpe": null,
      "Purl": null,
      "Swid": null,
      "Modified": null,
      "Pedigree": null,
      "Components": null,
      "Evidence": null
    },
    {
      "Type": "Null",
      "MimeType": null,
      "BomRef": null,
      "Supplier": null,
      "Author": null,
      "Publisher": null,
      "Group": null,
      "Name": "Component2",
      "Version": "1",
      "Description": null,
      "Scope": null,
      "Hashes": null,
      "Licenses": null,
      "Copyright": null,
      "Cpe": null,
      "Purl": null,
      "Swid": null,
      "Modified": null,
      "Pedigree": null,
      "Components": null,
      "Evidence": null
    }
  ],
  "Compositions": null
}
