{
  "bomFormat": "CycloneDX",
  "specVersion": "1.6",
  "serialNumber": "urn:uuid:3e671687-395b-41f5-a30f-a58921a69b79",
  "version": 1,
  "components": [
    {
      "type": "library",
      "group": "com.example",
      "name": "acme-library",
      "version": "1.0.0",
      "cpe": "cpe:2.3:a:example:acme-library:1.0.0:*:*:*:*:*:*:*",
      "purl": "pkg:maven/com.example/acme-library@1.0.0"
    }
  ]
}
