{
  "bomFormat": "CycloneDX",
  "specVersion": "1.6",
  "serialNumber": "urn:uuid:ed5c5ba0-2be6-4b58-ac29-01a7fd375123",
  "version": 1,
  "components": [
    {
      "type": "machine-learning-model",
      "bom-ref": "huggingface.co-meta-llama-Llama-2-7b",
      "supplier": {
        "name": "Hugging Face"
      },
      "publisher": "meta",
      "group": "meta-llama",
      "name": "Llama-2-7b",
      "externalReferences": [
        {
          "url": "https://huggingface.co/meta-llama/Llama-2-7b",
          "type": "distribution"
        }
      ],
      "modelCard": {
        "considerations": {}
      }
    }
  ]
}
