{
  "bomFormat": "CycloneDX",
  "specVersion": "1.6",
  "serialNumber": "urn:uuid:3e671687-395b-41f5-a30f-a58921a69b79",
  "version": 1,
  "components": [
    {
      "type": "library",
      "name": "my-json-parser",
      "version": "1.0"
    }
  ],
  "services": [
    {
      "name": "my service",
      "endpoints": [
        "https://example.com/myservice"
      ]
    }
  ]
}
