{
  "SPDXID": "SPDXRef-DOCUMENT",
  "spdxVersion": "SPDX-2.3",
  "creationInfo": {
    "comment": "This SPDX document has been converted from CycloneDX format.",
    "created": "2021-12-24T12:00:00Z"
  },
  "name": "Acme Application-1.0",
  "dataLicense": "CC0-1.0",
  "documentNamespace": "http://spdx.org/spdxdocs/Acme Application-1.0-3e671687-395b-41f5-a30f-a58921a69b79",
  "packages": [
    {
      "SPDXID": "SPDXRef-pkg:maven/partner/shaded-library@1.0",
      "downloadLocation": "NOASSERTION",
      "homepage": "NOASSERTION",
      "name": "Partner Shaded Library",
      "versionInfo": "1.0"
    },
    {
      "SPDXID": "SPDXRef-Package-2",
      "downloadLocation": "NOASSERTION",
      "homepage": "NOASSERTION",
      "name": "Acme Library",
      "versionInfo": "3.0"
    }
  ]
}
